{
  "errorType": "CIRCULAR_DEPENDENCY",
  "exitCode": 3,
  "messagePattern": "Circular dependencies detected: bar → foo → baz → bar"
} 