{
  "errorType": "DUPLICATE_STATEMENT_NAMES",
  "exitCode": 3,
  "messagePattern": "Duplicate statement names found: users"
} 